This is cutadapt 4.4 with Python 3.12.3
Command line parameters: -g GTGYCAGCMGCCGCGGTAA -G GGACTACNVGGGTWTCTAAT --discard-untrimmed --minimum-length 50 -o ./scripts/../results/otu/trimmed/sampleID_1_R1.trimmed.fastq.gz -p ./scripts/../results/otu/trimmed/sampleID_1_R2.trimmed.fastq.gz ./scripts/../data/raw/sampleID_1_R1.fastq.gz ./scripts/../data/raw/sampleID_1_R2.fastq.gz
Processing paired-end reads on 1 core ...
Finished in 0.109 s (43.600 µs/read; 1.38 M reads/minute).

=== Summary ===

Total read pairs processed:              2,500
  Read 1 with adapter:                   1,840 (73.6%)
  Read 2 with adapter:                   1,821 (72.8%)

== Read fate breakdown ==
Pairs that were too short:                 632 (25.3%)
Pairs discarded as untrimmed:               57 (2.3%)
Pairs written (passing filters):         1,811 (72.4%)

Total basepairs processed:       976,805 bp
  Read 1:       487,364 bp
  Read 2:       489,441 bp
Total written (filtered):        831,521 bp (85.1%)
  Read 1:       416,681 bp
  Read 2:       414,840 bp

=== First read: Adapter 1 ===

Sequence: GTGYCAGCMGCCGCGGTAA; Type: regular 5'; Length: 19; Trimmed: 1840 times

Minimum overlap: 3
No. of allowed errors:
1-9 bp: 0; 10-19 bp: 1

Overview of removed sequences
length	count	expect	max.err	error counts
18	4	0.0	1	2 2
19	1835	0.0	1	1729 106
174	1	0.0	1	1


=== Second read: Adapter 2 ===

Sequence: GGACTACNVGGGTWTCTAAT; Type: regular 5'; Length: 20; Trimmed: 1821 times

Minimum overlap: 3
No. of allowed errors:
1-9 bp: 0; 10-19 bp: 1

Overview of removed sequences
length	count	expect	max.err	error counts
19	14	0.0	1	0 14
20	1793	0.0	1	1715 78
21	13	0.0	1	2 11
22	1	0.0	1	0 1
