This is cutadapt 4.4 with Python 3.12.3
Command line parameters: -g GTGYCAGCMGCCGCGGTAA -G GGACTACNVGGGTWTCTAAT --discard-untrimmed --minimum-length 50 -o ./scripts/../results/otu/trimmed/sampleID_1a_R1.trimmed.fastq.gz -p ./scripts/../results/otu/trimmed/sampleID_1a_R2.trimmed.fastq.gz ./scripts/../data/raw/sampleID_1a_R1.fastq.gz ./scripts/../data/raw/sampleID_1a_R2.fastq.gz
Processing paired-end reads on 1 core ...
Finished in 0.133 s (53.112 µs/read; 1.13 M reads/minute).

=== Summary ===

Total read pairs processed:              2,500
  Read 1 with adapter:                   2,303 (92.1%)
  Read 2 with adapter:                   2,248 (89.9%)

== Read fate breakdown ==
Pairs that were too short:                  21 (0.8%)
Pairs discarded as untrimmed:              260 (10.4%)
Pairs written (passing filters):         2,219 (88.8%)

Total basepairs processed:     1,215,218 bp
  Read 1:       607,570 bp
  Read 2:       607,648 bp
Total written (filtered):      1,019,843 bp (83.9%)
  Read 1:       511,155 bp
  Read 2:       508,688 bp

=== First read: Adapter 1 ===

Sequence: GTGYCAGCMGCCGCGGTAA; Type: regular 5'; Length: 19; Trimmed: 2303 times

Minimum overlap: 3
No. of allowed errors:
1-9 bp: 0; 10-19 bp: 1

Overview of removed sequences
length	count	expect	max.err	error counts
17	1	0.0	1	1
18	17	0.0	1	1 16
19	2282	0.0	1	2132 150
20	3	0.0	1	0 3


=== Second read: Adapter 2 ===

Sequence: GGACTACNVGGGTWTCTAAT; Type: regular 5'; Length: 20; Trimmed: 2248 times

Minimum overlap: 3
No. of allowed errors:
1-9 bp: 0; 10-19 bp: 1

Overview of removed sequences
length	count	expect	max.err	error counts
19	21	0.0	1	5 16
20	2211	0.0	1	2189 22
21	15	0.0	1	0 15
59	1	0.0	1	0 1
